Microchip MPLAB XC8 Compiler V1.41 ()

Linker command line:

-W-3 --edf=C:\Program Files (x86)\Microchip\xc8\v1.41\dat\en_msgs.txt -cs \
  -h+dist/default/production\aula1211.X.production.sym \
  --cmf=dist/default/production\aula1211.X.production.cmf -z -Q18F4550 \
  -oC:\Users\anton\AppData\Local\Temp\s1rc.2 \
  -Mdist/default/production/aula1211.X.production.map -E1 -ver=XC8 \
  -ASTACK=060h-07ffh -pstack=STACK -ACODE=00h-07FFFh -ACONST=00h-07FFFh \
  -ASMALLCONST=0800h-08FFhx120 -AMEDIUMCONST=0800h-07FFFh -ACOMRAM=01h-05Fh \
  -AABS1=00h-07FFh -ABIGRAM=01h-07FFh -ARAM=060h-0FFh,0100h-01FFhx7 \
  -ABANK0=060h-0FFh -ABANK1=0100h-01FFh -ABANK2=0200h-02FFh \
  -ABANK3=0300h-03FFh -ABANK4=0400h-04FFh -ABANK5=0500h-05FFh \
  -ABANK6=0600h-06FFh -ABANK7=0700h-07FFh -ASFR=0F60h-0FFFh \
  -preset_vec=00h,intcode,intcodelo,powerup,init -pramtop=0800h \
  -psmallconst=SMALLCONST -pmediumconst=MEDIUMCONST -pconst=CONST \
  -AFARRAM=00h-00h -ACONFIG=0300000h-030000Dh -pconfig=CONFIG \
  -AIDLOC=0200000h-0200007h -pidloc=IDLOC -AEEDATA=0F00000h-0F000FFh \
  -peeprom_data=EEDATA \
  -prdata=COMRAM,nvrram=COMRAM,nvbit=COMRAM,rbss=COMRAM,rbit=COMRAM \
  -pfarbss=FARRAM,fardata=FARRAM,nvFARRAM=FARRAM \
  -pintsave_regs=BIGRAM,bigbss=BIGRAM,bigdata=BIGRAM -pbss=RAM \
  -pidata=CODE,irdata=CODE,ibigdata=CODE,ifardata=CODE -prparam=COMRAM \
  C:\Users\anton\AppData\Local\Temp\s1rc.obj \
  dist/default/production\aula1211.X.production.obj 

Object code version is 3.11

Machine type is 18F4550

Call graph: (short form)




                Name                               Link     Load   Length Selector   Space Scale
C:\Users\anton\AppData\Local\Temp\s1rc.obj
                init                                  0        0        4        0       0
                idloc                            200000   200000        8   200000       0
                config                           300000   300000        E   300000       0
dist/default/production\aula1211.X.production.obj
                text13                             78A4     78A4       2E     3C52       0
                text12                             788E     788E       16     3C47       0
                text11                             7A22     7A22       A0     3D11       0
                text10                             7AC2     7AC2      14C     3D61       0
                text9                              7D5A     7D5A      150     3EAD       0
                text8                              7EAA     7EAA      156     3F55       0
                text7                              7C0E     7C0E      14C     3E07       0
                text6                              79A8     79A8       7A     3CD4       0
                text5                              794C     794C       5C     3CA6       0
                text4                              7850     7850        A     3C28       0
                text3                              7868     7868       12     3C34       0
                text2                              7908     7908       44     3C84       0
                text1                              787A     787A       14     3C3D       0
                text0                              785A     785A        E     3C2D       0
                cstackCOMRAM                         19       19        2        1       1
                dataCOMRAM                           15       15        4        1       1
                bssCOMRAM                             1        1       10        1       1
                cinit                              78D2     78D2       36     3C69       0
                nvCOMRAM                             11       11        4        1       1
                idataCOMRAM                        784C     784C        4     784C       0

TOTAL           Name                               Link     Load   Length     Space
        CLASS   STACK          

        CLASS   CODE           
                init                                  0        0        4         0
                text13                             78A4     78A4       2E         0
                text12                             788E     788E       16         0
                text11                             7A22     7A22       A0         0
                text10                             7AC2     7AC2      14C         0
                text9                              7D5A     7D5A      150         0
                text8                              7EAA     7EAA      156         0
                text7                              7C0E     7C0E      14C         0
                text6                              79A8     79A8       7A         0
                text5                              794C     794C       5C         0
                text4                              7850     7850        A         0
                text3                              7868     7868       12         0
                text2                              7908     7908       44         0
                text1                              787A     787A       14         0
                text0                              785A     785A        E         0
                cinit                              78D2     78D2       36         0
                idataCOMRAM                        784C     784C        4         0

        CLASS   CONST          

        CLASS   SMALLCONST     

        CLASS   MEDIUMCONST    

        CLASS   COMRAM         
                cstackCOMRAM                         19       19        2         1
                dataCOMRAM                           15       15        4         1
                bssCOMRAM                             1        1       10         1
                nvCOMRAM                             11       11        4         1

        CLASS   ABS1           

        CLASS   BIGRAM         

        CLASS   RAM            

        CLASS   BANK0          

        CLASS   BANK1          

        CLASS   BANK2          

        CLASS   BANK3          

        CLASS   BANK4          

        CLASS   BANK5          

        CLASS   BANK6          

        CLASS   BANK7          

        CLASS   SFR            

        CLASS   FARRAM         

        CLASS   CONFIG         
                config                           300000   300000        E         0

        CLASS   IDLOC          
                idloc                            200000   200000        8         0

        CLASS   EEDATA         



SEGMENTS        Name                           Load    Length   Top    Selector   Space  Class

                reset_vec                      000000  000004  000004         0       0  CODE    
                bssCOMRAM                      000001  00001A  00001B         1       1  COMRAM  
                idataCOMRAM                    00784C  000004  007850      784C       0  CODE    
                text4                          007850  00000A  00785A      3C28       0  CODE    
                text0                          00785A  00000E  007868      3C2D       0  CODE    
                text3                          007868  000012  00787A      3C34       0  CODE    
                text1                          00787A  000014  00788E      3C3D       0  CODE    
                text12                         00788E  000016  0078A4      3C47       0  CODE    
                text13                         0078A4  00002E  0078D2      3C52       0  CODE    
                cinit                          0078D2  000036  007908      3C69       0  CODE    
                text2                          007908  000044  00794C      3C84       0  CODE    
                text5                          00794C  00005C  0079A8      3CA6       0  CODE    
                text6                          0079A8  00007A  007A22      3CD4       0  CODE    
                text11                         007A22  0000A0  007AC2      3D11       0  CODE    
                text10                         007AC2  00014C  007C0E      3D61       0  CODE    
                text7                          007C0E  00014C  007D5A      3E07       0  CODE    
                text9                          007D5A  000150  007EAA      3EAD       0  CODE    
                text8                          007EAA  000156  008000      3F55       0  CODE    
                idloc                          200000  000008  200008    200000       0  IDLOC   
                config                         300000  00000E  30000E    300000       0  CONFIG  


UNUSED ADDRESS RANGES

        Name                Unused          Largest block    Delta
        BANK0            000060-0000FF               A0
        BANK1            000100-0001FF              100
        BANK2            000200-0002FF              100
        BANK3            000300-0003FF              100
        BANK4            000400-0004FF              100
        BANK5            000500-0005FF              100
        BANK6            000600-0006FF              100
        BANK7            000700-0007FF              100
        BIGRAM           00001B-0007FF              7E5
        CODE             000004-00784B             7848
        COMRAM           00001B-00005F               45
        CONST            000004-00784B             7848
        EEDATA           F00000-F000FF              100
        MEDIUMCONST      000800-00784B             704C
        RAM              000060-0007FF              100
        SFR              000F60-000FFF               A0
        SMALLCONST       000800-00784B              100
        STACK            000060-0007FF              7A0

                                  Symbol Table

LAT@dado                  cstackCOMRAM 000019
LAT@porta                 cstackCOMRAM 00001A
_ADCON1                   (abs)        000FC1
_LAT                      text13       0078A4
_LATA                     (abs)        000F89
_LATB                     (abs)        000F8A
_LATC                     (abs)        000F8B
_LATD                     (abs)        000F8C
_LEDR                     bssCOMRAM    00000E
_PORTA                    (abs)        000F80
_PORTB                    (abs)        000F81
_PORTC                    (abs)        000F82
_PORTD                    (abs)        000F83
_RD0                      (abs)        007C18
_RD1                      (abs)        007C19
_RE0                      (abs)        007C20
_TRISA                    (abs)        000F92
_TRISB                    (abs)        000F93
_TRISC                    (abs)        000F94
_TRISD                    (abs)        000F95
__CFG_BOR$ON              (abs)        000000
__CFG_BORV$3              (abs)        000000
__CFG_CCP2MX$ON           (abs)        000000
__CFG_CP0$OFF             (abs)        000000
__CFG_CP1$OFF             (abs)        000000
__CFG_CP2$OFF             (abs)        000000
__CFG_CP3$OFF             (abs)        000000
__CFG_CPB$OFF             (abs)        000000
__CFG_CPD$OFF             (abs)        000000
__CFG_CPUDIV$OSC1_PLL2    (abs)        000000
__CFG_EBTR0$OFF           (abs)        000000
__CFG_EBTR1$OFF           (abs)        000000
__CFG_EBTR2$OFF           (abs)        000000
__CFG_EBTR3$OFF           (abs)        000000
__CFG_EBTRB$OFF           (abs)        000000
__CFG_FCMEN$OFF           (abs)        000000
__CFG_FOSC$HS             (abs)        000000
__CFG_ICPRT$OFF           (abs)        000000
__CFG_IESO$OFF            (abs)        000000
__CFG_LPT1OSC$OFF         (abs)        000000
__CFG_LVP$OFF             (abs)        000000
__CFG_MCLRE$ON            (abs)        000000
__CFG_PBADEN$ON           (abs)        000000
__CFG_PLLDIV$1            (abs)        000000
__CFG_PWRT$OFF            (abs)        000000
__CFG_STVREN$ON           (abs)        000000
__CFG_USBDIV$1            (abs)        000000
__CFG_VREGEN$OFF          (abs)        000000
__CFG_WDT$OFF             (abs)        000000
__CFG_WDTPS$32768         (abs)        000000
__CFG_WRT0$OFF            (abs)        000000
__CFG_WRT1$OFF            (abs)        000000
__CFG_WRT2$OFF            (abs)        000000
__CFG_WRT3$OFF            (abs)        000000
__CFG_WRTB$OFF            (abs)        000000
__CFG_WRTC$OFF            (abs)        000000
__CFG_WRTD$OFF            (abs)        000000
__CFG_XINST$OFF           (abs)        000000
__HRAM                    (abs)        000000
__Habs1                   abs1         000000
__Hbank0                  bank0        000000
__Hbank1                  bank1        000000
__Hbank2                  bank2        000000
__Hbank3                  bank3        000000
__Hbank4                  bank4        000000
__Hbank5                  bank5        000000
__Hbank6                  bank6        000000
__Hbank7                  bank7        000000
__Hbigbss                 bigbss       000000
__Hbigdata                bigdata      000000
__Hbigram                 bigram       000000
__Hbss                    bss          000000
__HbssCOMRAM              bssCOMRAM    000000
__Hcinit                  cinit        000000
__Hclrtext                clrtext      000000
__Hcomram                 comram       000000
__Hconfig                 config       30000E
__Hconst                  const        000000
__HcstackCOMRAM           cstackCOMRAM 000000
__Hdata                   data         000000
__HdataCOMRAM             dataCOMRAM   000000
__Heeprom_data            eeprom_data  000000
__Hfarbss                 farbss       000000
__Hfardata                fardata      000000
__Hibigdata               ibigdata     000000
__Hidata                  idata        000000
__HidataCOMRAM            idataCOMRAM  000000
__Hidloc                  idloc        200008
__Hifardata               ifardata     000000
__Hinit                   init         000004
__Hintcode                intcode      000000
__Hintcode_body           intcode_body 000000
__Hintcodelo              intcodelo    000000
__Hintentry               intentry     000000
__Hintret                 intret       000000
__Hintsave_regs           intsave_regs 000000
__Hirdata                 irdata       000000
__Hmediumconst            mediumconst  000000
__HnvCOMRAM               nvCOMRAM     000000
__HnvFARRAM               nvFARRAM     000000
__Hnvbit                  nvbit        000000
__Hnvrram                 nvrram       000000
__Hparam                  rparam       000000
__Hpowerup                powerup      000000
__Hram                    ram          000000
__Hramtop                 ramtop       000800
__Hrbit                   rbit         000000
__Hrbss                   rbss         000000
__Hrdata                  rdata        000000
__Hreset_vec              reset_vec    000000
__Hrparam                 rparam       000000
__Hsfr                    sfr          000000
__Hsmallconst             smallconst   000000
__Hspace_0                (abs)        30000E
__Hspace_1                (abs)        00001B
__Hspace_2                (abs)        000000
__Hstack                  stack        000000
__Hstruct                 struct       000000
__Htemp                   temp         000000
__Htext                   text         000000
__Htext0                  text0        000000
__Htext1                  text1        000000
__Htext10                 text10       000000
__Htext11                 text11       000000
__Htext12                 text12       000000
__Htext13                 text13       000000
__Htext2                  text2        000000
__Htext3                  text3        000000
__Htext4                  text4        000000
__Htext5                  text5        000000
__Htext6                  text6        000000
__Htext7                  text7        000000
__Htext8                  text8        000000
__Htext9                  text9        000000
__LRAM                    (abs)        000001
__Labs1                   abs1         000000
__Lbank0                  bank0        000000
__Lbank1                  bank1        000000
__Lbank2                  bank2        000000
__Lbank3                  bank3        000000
__Lbank4                  bank4        000000
__Lbank5                  bank5        000000
__Lbank6                  bank6        000000
__Lbank7                  bank7        000000
__Lbigbss                 bigbss       000000
__Lbigdata                bigdata      000000
__Lbigram                 bigram       000000
__Lbss                    bss          000000
__LbssCOMRAM              bssCOMRAM    000000
__Lcinit                  cinit        000000
__Lclrtext                clrtext      000000
__Lcomram                 comram       000000
__Lconfig                 config       300000
__Lconst                  const        000000
__LcstackCOMRAM           cstackCOMRAM 000000
__Ldata                   data         000000
__LdataCOMRAM             dataCOMRAM   000000
__Leeprom_data            eeprom_data  000000
__Lfarbss                 farbss       000000
__Lfardata                fardata      000000
__Libigdata               ibigdata     000000
__Lidata                  idata        000000
__LidataCOMRAM            idataCOMRAM  000000
__Lidloc                  idloc        200000
__Lifardata               ifardata     000000
__Linit                   init         000000
__Lintcode                intcode      000000
__Lintcode_body           intcode_body 000000
__Lintcodelo              intcodelo    000000
__Lintentry               intentry     000000
__Lintret                 intret       000000
__Lintsave_regs           intsave_regs 000000
__Lirdata                 irdata       000000
__Lmediumconst            mediumconst  000000
__LnvCOMRAM               nvCOMRAM     000000
__LnvFARRAM               nvFARRAM     000000
__Lnvbit                  nvbit        000000
__Lnvrram                 nvrram       000000
__Lparam                  rparam       000000
__Lpowerup                powerup      000000
__Lram                    ram          000000
__Lramtop                 ramtop       000800
__Lrbit                   rbit         000000
__Lrbss                   rbss         000000
__Lrdata                  rdata        000000
__Lreset_vec              reset_vec    000000
__Lrparam                 rparam       000000
__Lsfr                    sfr          000000
__Lsmallconst             smallconst   000000
__Lspace_0                (abs)        000000
__Lspace_1                (abs)        000000
__Lspace_2                (abs)        000000
__Lstack                  stack        000000
__Lstruct                 struct       000000
__Ltemp                   temp         000000
__Ltext                   text         000000
__Ltext0                  text0        000000
__Ltext1                  text1        000000
__Ltext10                 text10       000000
__Ltext11                 text11       000000
__Ltext12                 text12       000000
__Ltext13                 text13       000000
__Ltext2                  text2        000000
__Ltext3                  text3        000000
__Ltext4                  text4        000000
__Ltext5                  text5        000000
__Ltext6                  text6        000000
__Ltext7                  text7        000000
__Ltext8                  text8        000000
__Ltext9                  text9        000000
__S0                      (abs)        30000E
__S1                      (abs)        00001B
__S2                      (abs)        000000
___inthi_sp               stack        000000
___intlo_sp               stack        000000
___param_bank             (abs)        000000
___rparam_used            (abs)        000001
___sp                     stack        000000
__accesstop               (abs)        000060
__activetblptr            (abs)        000002
__end_of_LAT              text13       0078D2
__end_of__initialization  cinit        0078FE
__end_of_f_maq_n_3_c      text10       007C0E
__end_of_f_maq_n_3_d      text9        007EAA
__end_of_f_maq_n_primo_c  text8        008000
__end_of_f_maq_n_primo_d  text7        007D5A
__end_of_f_timer1         text12       0078A4
__end_of_f_timer2         text11       007AC2
__end_of_f_timer3         text6        007A22
__end_of_f_timers         text5        0079A8
__end_of_loop             text3        00787A
__end_of_main             text0        007868
__end_of_setup            text2        00794C
__end_of_setup_hw         text1        00788E
__end_of_usleep           text4        00785A
__initialization          cinit        0078D2
__mediumconst             mediumconst  000000
__pbssCOMRAM              bssCOMRAM    000001
__pcinit                  cinit        0078D2
__pcstackCOMRAM           cstackCOMRAM 000019
__pdataCOMRAM             dataCOMRAM   000015
__pidataCOMRAM            idataCOMRAM  00784C
__pnvCOMRAM               nvCOMRAM     000011
__ptext0                  text0        00785A
__ptext1                  text1        00787A
__ptext10                 text10       007AC2
__ptext11                 text11       007A22
__ptext12                 text12       00788E
__ptext13                 text13       0078A4
__ptext2                  text2        007908
__ptext3                  text3        007868
__ptext4                  text4        007850
__ptext5                  text5        00794C
__ptext6                  text6        0079A8
__ptext7                  text7        007C0E
__ptext8                  text8        007EAA
__ptext9                  text9        007D5A
__ramtop                  ramtop       000800
__size_of_LAT             (abs)        000000
__size_of_f_maq_n_3_c     (abs)        000000
__size_of_f_maq_n_3_d     (abs)        000000
__size_of_f_maq_n_primo_c (abs)        000000
__size_of_f_maq_n_primo_d (abs)        000000
__size_of_f_timer1        (abs)        000000
__size_of_f_timer2        (abs)        000000
__size_of_f_timer3        (abs)        000000
__size_of_f_timers        (abs)        000000
__size_of_loop            (abs)        000000
__size_of_main            (abs)        000000
__size_of_setup           (abs)        000000
__size_of_setup_hw        (abs)        000000
__size_of_usleep          (abs)        000000
__smallconst              smallconst   000000
_acelera                  bssCOMRAM    000009
_dd                       bssCOMRAM    00000B
_dir                      bssCOMRAM    00000C
_du                       bssCOMRAM    00000A
_estado                   dataCOMRAM   000018
_f_maq_n_3_c              text10       007AC2
_f_maq_n_3_d              text9        007D5A
_f_maq_n_primo_c          text8        007EAA
_f_maq_n_primo_d          text7        007C0E
_f_timer1                 text12       00788E
_f_timer2                 text11       007A22
_f_timer3                 text6        0079A8
_f_timers                 text5        00794C
_key                      bssCOMRAM    00000F
_loop                     text3        007868
_main                     text0        00785A
_max_timer1               nvCOMRAM     000013
_max_timer2               nvCOMRAM     000011
_max_timer3               bssCOMRAM    000007
_seq                      bssCOMRAM    00000D
_setup                    text2        007908
_setup_hw                 text1        00787A
_sw                       bssCOMRAM    000010
_usleep                   text4        007850
end_of_initialization     cinit        0078FE
f_maq_n_3_c@atual         cstackCOMRAM 000019
f_maq_n_3_c@prox          cstackCOMRAM 00001A
f_maq_n_3_d@atual         cstackCOMRAM 000019
f_maq_n_3_d@prox          cstackCOMRAM 00001A
f_maq_n_primo_c@atual     cstackCOMRAM 000019
f_maq_n_primo_c@prox      cstackCOMRAM 00001A
f_maq_n_primo_d@atual     cstackCOMRAM 000019
f_maq_n_primo_d@prox      cstackCOMRAM 00001A
f_timer2@vantd0           dataCOMRAM   000017
f_timer2@vantd1           dataCOMRAM   000016
f_timer2@vantre0          dataCOMRAM   000015
f_timer2@vatual           cstackCOMRAM 000019
f_timers@c_timer1         bssCOMRAM    000005
f_timers@c_timer2         bssCOMRAM    000003
f_timers@c_timer3         bssCOMRAM    000001
intlevel0                 text         000000
intlevel1                 text         000000
intlevel2                 text         000000
intlevel3                 text         000000
stackhi                   (abs)        0007FF
stacklo                   (abs)        000060
start                     init         000000
start_initialization      cinit        0078D2
usleep@tempo              cstackCOMRAM 000019


FUNCTION INFORMATION:

 *************** function _main *****************
 Defined at:
		line 165 in file "aula1211.c"
 Parameters:    Size  Location     Type
		None
 Auto vars:     Size  Location     Type
		None
 Return value:  Size  Location     Type
                  2  100[None  ] int 
 Registers used:
		wreg, status,2, status,0, cstack
 Tracked objects:
		On entry : 
		On exit  : 
		Unchanged: 
 Data sizes:     COMRAM   BANK0   BANK1   BANK2   BANK3   BANK4   BANK5   BANK6   BANK7
      Params:         0       0       0       0       0       0       0       0       0
      Locals:         0       0       0       0       0       0       0       0       0
      Temps:          0       0       0       0       0       0       0       0       0
      Totals:         0       0       0       0       0       0       0       0       0
Total ram usage:        0 bytes
 Hardware stack levels required when called:    4
 This function calls:
		_loop
		_setup
		_setup_hw
 This function is called by:
		Startup code after reset
 This function uses a non-reentrant model


 *************** function _setup_hw *****************
 Defined at:
		line 115 in file "aula1211.c"
 Parameters:    Size  Location     Type
		None
 Auto vars:     Size  Location     Type
		None
 Return value:  Size  Location     Type
                  1    wreg      void 
 Registers used:
		wreg, status,2
 Tracked objects:
		On entry : 
		On exit  : 
		Unchanged: 
 Data sizes:     COMRAM   BANK0   BANK1   BANK2   BANK3   BANK4   BANK5   BANK6   BANK7
      Params:         0       0       0       0       0       0       0       0       0
      Locals:         0       0       0       0       0       0       0       0       0
      Temps:          0       0       0       0       0       0       0       0       0
      Totals:         0       0       0       0       0       0       0       0       0
Total ram usage:        0 bytes
 Hardware stack levels used:    1
 This function calls:
		Nothing
 This function is called by:
		_main
 This function uses a non-reentrant model


 *************** function _setup *****************
 Defined at:
		line 183 in file "aula1211.c"
 Parameters:    Size  Location     Type
		None
 Auto vars:     Size  Location     Type
		None
 Return value:  Size  Location     Type
                  1    wreg      void 
 Registers used:
		wreg, status,2, status,0, cstack
 Tracked objects:
		On entry : 
		On exit  : 
		Unchanged: 
 Data sizes:     COMRAM   BANK0   BANK1   BANK2   BANK3   BANK4   BANK5   BANK6   BANK7
      Params:         0       0       0       0       0       0       0       0       0
      Locals:         0       0       0       0       0       0       0       0       0
      Temps:          0       0       0       0       0       0       0       0       0
      Totals:         0       0       0       0       0       0       0       0       0
Total ram usage:        0 bytes
 Hardware stack levels used:    1
 Hardware stack levels required when called:    1
 This function calls:
		_LAT
		_f_maq_n_primo_c
 This function is called by:
		_main
 This function uses a non-reentrant model


 *************** function _loop *****************
 Defined at:
		line 197 in file "aula1211.c"
 Parameters:    Size  Location     Type
		None
 Auto vars:     Size  Location     Type
		None
 Return value:  Size  Location     Type
                  1    wreg      void 
 Registers used:
		wreg, status,2, status,0, cstack
 Tracked objects:
		On entry : 
		On exit  : 
		Unchanged: 
 Data sizes:     COMRAM   BANK0   BANK1   BANK2   BANK3   BANK4   BANK5   BANK6   BANK7
      Params:         0       0       0       0       0       0       0       0       0
      Locals:         0       0       0       0       0       0       0       0       0
      Temps:          0       0       0       0       0       0       0       0       0
      Totals:         0       0       0       0       0       0       0       0       0
Total ram usage:        0 bytes
 Hardware stack levels used:    1
 Hardware stack levels required when called:    3
 This function calls:
		_f_timers
		_usleep
 This function is called by:
		_main
 This function uses a non-reentrant model


 *************** function _usleep *****************
 Defined at:
		line 92 in file "aula1211.c"
 Parameters:    Size  Location     Type
  tempo           2    0[COMRAM] unsigned int 
 Auto vars:     Size  Location     Type
		None
 Return value:  Size  Location     Type
                  1    wreg      void 
 Registers used:
		wreg
 Tracked objects:
		On entry : 
		On exit  : 
		Unchanged: 
 Data sizes:     COMRAM   BANK0   BANK1   BANK2   BANK3   BANK4   BANK5   BANK6   BANK7
      Params:         2       0       0       0       0       0       0       0       0
      Locals:         0       0       0       0       0       0       0       0       0
      Temps:          0       0       0       0       0       0       0       0       0
      Totals:         2       0       0       0       0       0       0       0       0
Total ram usage:        2 bytes
 Hardware stack levels used:    1
 This function calls:
		Nothing
 This function is called by:
		_loop
 This function uses a non-reentrant model


 *************** function _f_timers *****************
 Defined at:
		line 205 in file "aula1211.c"
 Parameters:    Size  Location     Type
		None
 Auto vars:     Size  Location     Type
		None
 Return value:  Size  Location     Type
                  1    wreg      void 
 Registers used:
		wreg, status,2, status,0, cstack
 Tracked objects:
		On entry : 
		On exit  : 
		Unchanged: 
 Data sizes:     COMRAM   BANK0   BANK1   BANK2   BANK3   BANK4   BANK5   BANK6   BANK7
      Params:         0       0       0       0       0       0       0       0       0
      Locals:         0       0       0       0       0       0       0       0       0
      Temps:          0       0       0       0       0       0       0       0       0
      Totals:         0       0       0       0       0       0       0       0       0
Total ram usage:        0 bytes
 Hardware stack levels used:    1
 Hardware stack levels required when called:    2
 This function calls:
		_f_timer1
		_f_timer2
		_f_timer3
 This function is called by:
		_loop
 This function uses a non-reentrant model


 *************** function _f_timer3 *****************
 Defined at:
		line 277 in file "aula1211.c"
 Parameters:    Size  Location     Type
		None
 Auto vars:     Size  Location     Type
		None
 Return value:  Size  Location     Type
                  1    wreg      void 
 Registers used:
		wreg, status,2, status,0, cstack
 Tracked objects:
		On entry : 
		On exit  : 
		Unchanged: 
 Data sizes:     COMRAM   BANK0   BANK1   BANK2   BANK3   BANK4   BANK5   BANK6   BANK7
      Params:         0       0       0       0       0       0       0       0       0
      Locals:         0       0       0       0       0       0       0       0       0
      Temps:          0       0       0       0       0       0       0       0       0
      Totals:         0       0       0       0       0       0       0       0       0
Total ram usage:        0 bytes
 Hardware stack levels used:    1
 Hardware stack levels required when called:    1
 This function calls:
		_LAT
		_f_maq_n_3_c
		_f_maq_n_3_d
		_f_maq_n_primo_c
		_f_maq_n_primo_d
 This function is called by:
		_f_timers
 This function uses a non-reentrant model


 *************** function _f_maq_n_primo_d *****************
 Defined at:
		line 572 in file "aula1211.c"
 Parameters:    Size  Location     Type
  atual           1    wreg     unsigned char 
 Auto vars:     Size  Location     Type
  atual           1    0[COMRAM] unsigned char 
  prox            1    1[COMRAM] unsigned char 
 Return value:  Size  Location     Type
                  1    wreg      unsigned char 
 Registers used:
		wreg, status,2, status,0
 Tracked objects:
		On entry : 
		On exit  : 
		Unchanged: 
 Data sizes:     COMRAM   BANK0   BANK1   BANK2   BANK3   BANK4   BANK5   BANK6   BANK7
      Params:         0       0       0       0       0       0       0       0       0
      Locals:         2       0       0       0       0       0       0       0       0
      Temps:          0       0       0       0       0       0       0       0       0
      Totals:         2       0       0       0       0       0       0       0       0
Total ram usage:        2 bytes
 Hardware stack levels used:    1
 This function calls:
		Nothing
 This function is called by:
		_f_timer3
 This function uses a non-reentrant model


 *************** function _f_maq_n_primo_c *****************
 Defined at:
		line 432 in file "aula1211.c"
 Parameters:    Size  Location     Type
  atual           1    wreg     unsigned char 
 Auto vars:     Size  Location     Type
  atual           1    0[COMRAM] unsigned char 
  prox            1    1[COMRAM] unsigned char 
 Return value:  Size  Location     Type
                  1    wreg      unsigned char 
 Registers used:
		wreg, status,2, status,0
 Tracked objects:
		On entry : 
		On exit  : 
		Unchanged: 
 Data sizes:     COMRAM   BANK0   BANK1   BANK2   BANK3   BANK4   BANK5   BANK6   BANK7
      Params:         0       0       0       0       0       0       0       0       0
      Locals:         2       0       0       0       0       0       0       0       0
      Temps:          0       0       0       0       0       0       0       0       0
      Totals:         2       0       0       0       0       0       0       0       0
Total ram usage:        2 bytes
 Hardware stack levels used:    1
 This function calls:
		Nothing
 This function is called by:
		_setup
		_f_timer3
 This function uses a non-reentrant model


 *************** function _f_maq_n_3_d *****************
 Defined at:
		line 704 in file "aula1211.c"
 Parameters:    Size  Location     Type
  atual           1    wreg     unsigned char 
 Auto vars:     Size  Location     Type
  atual           1    0[COMRAM] unsigned char 
  prox            1    1[COMRAM] unsigned char 
 Return value:  Size  Location     Type
                  1    wreg      unsigned char 
 Registers used:
		wreg, status,2, status,0
 Tracked objects:
		On entry : 
		On exit  : 
		Unchanged: 
 Data sizes:     COMRAM   BANK0   BANK1   BANK2   BANK3   BANK4   BANK5   BANK6   BANK7
      Params:         0       0       0       0       0       0       0       0       0
      Locals:         2       0       0       0       0       0       0       0       0
      Temps:          0       0       0       0       0       0       0       0       0
      Totals:         2       0       0       0       0       0       0       0       0
Total ram usage:        2 bytes
 Hardware stack levels used:    1
 This function calls:
		Nothing
 This function is called by:
		_f_timer3
 This function uses a non-reentrant model


 *************** function _f_maq_n_3_c *****************
 Defined at:
		line 298 in file "aula1211.c"
 Parameters:    Size  Location     Type
  atual           1    wreg     unsigned char 
 Auto vars:     Size  Location     Type
  atual           1    0[COMRAM] unsigned char 
  prox            1    1[COMRAM] unsigned char 
 Return value:  Size  Location     Type
                  1    wreg      unsigned char 
 Registers used:
		wreg, status,2, status,0
 Tracked objects:
		On entry : 
		On exit  : 
		Unchanged: 
 Data sizes:     COMRAM   BANK0   BANK1   BANK2   BANK3   BANK4   BANK5   BANK6   BANK7
      Params:         0       0       0       0       0       0       0       0       0
      Locals:         2       0       0       0       0       0       0       0       0
      Temps:          0       0       0       0       0       0       0       0       0
      Totals:         2       0       0       0       0       0       0       0       0
Total ram usage:        2 bytes
 Hardware stack levels used:    1
 This function calls:
		Nothing
 This function is called by:
		_f_timer3
 This function uses a non-reentrant model


 *************** function _f_timer2 *****************
 Defined at:
		line 240 in file "aula1211.c"
 Parameters:    Size  Location     Type
		None
 Auto vars:     Size  Location     Type
  vatual          1    0[COMRAM] unsigned char 
 Return value:  Size  Location     Type
                  1    wreg      void 
 Registers used:
		wreg, status,2, status,0
 Tracked objects:
		On entry : 
		On exit  : 
		Unchanged: 
 Data sizes:     COMRAM   BANK0   BANK1   BANK2   BANK3   BANK4   BANK5   BANK6   BANK7
      Params:         0       0       0       0       0       0       0       0       0
      Locals:         1       0       0       0       0       0       0       0       0
      Temps:          0       0       0       0       0       0       0       0       0
      Totals:         1       0       0       0       0       0       0       0       0
Total ram usage:        1 bytes
 Hardware stack levels used:    1
 This function calls:
		Nothing
 This function is called by:
		_f_timers
 This function uses a non-reentrant model


 *************** function _f_timer1 *****************
 Defined at:
		line 235 in file "aula1211.c"
 Parameters:    Size  Location     Type
		None
 Auto vars:     Size  Location     Type
		None
 Return value:  Size  Location     Type
                  1    wreg      void 
 Registers used:
		wreg, status,2, status,0, cstack
 Tracked objects:
		On entry : 
		On exit  : 
		Unchanged: 
 Data sizes:     COMRAM   BANK0   BANK1   BANK2   BANK3   BANK4   BANK5   BANK6   BANK7
      Params:         0       0       0       0       0       0       0       0       0
      Locals:         0       0       0       0       0       0       0       0       0
      Temps:          0       0       0       0       0       0       0       0       0
      Totals:         0       0       0       0       0       0       0       0       0
Total ram usage:        0 bytes
 Hardware stack levels used:    1
 Hardware stack levels required when called:    1
 This function calls:
		_LAT
 This function is called by:
		_f_timers
 This function uses a non-reentrant model


 *************** function _LAT *****************
 Defined at:
		line 98 in file "aula1211.c"
 Parameters:    Size  Location     Type
  porta           1    wreg     unsigned char 
  dado            1    0[COMRAM] unsigned char 
 Auto vars:     Size  Location     Type
  porta           1    1[COMRAM] unsigned char 
 Return value:  Size  Location     Type
                  1    wreg      void 
 Registers used:
		wreg, status,2, status,0
 Tracked objects:
		On entry : 
		On exit  : 
		Unchanged: 
 Data sizes:     COMRAM   BANK0   BANK1   BANK2   BANK3   BANK4   BANK5   BANK6   BANK7
      Params:         1       0       0       0       0       0       0       0       0
      Locals:         1       0       0       0       0       0       0       0       0
      Temps:          0       0       0       0       0       0       0       0       0
      Totals:         2       0       0       0       0       0       0       0       0
Total ram usage:        2 bytes
 Hardware stack levels used:    1
 This function calls:
		Nothing
 This function is called by:
		_setup
		_f_timer1
		_f_timer3
 This function uses a non-reentrant model



MODULE INFORMATION

Module		Function		Class		Link	Load	Size
aula1211.c
		_loop          		CODE           	7868	0000	19
		_setup_hw      		CODE           	787A	0000	21
		_usleep        		CODE           	7850	0000	11
		_f_maq_n_3_c   		CODE           	7AC2	0000	333
		_f_maq_n_3_d   		CODE           	7D5A	0000	337
		_f_timer1      		CODE           	788E	0000	23
		_f_timer2      		CODE           	7A22	0000	161
		_f_timer3      		CODE           	79A8	0000	123
		_f_timers      		CODE           	794C	0000	93
		_main          		CODE           	785A	0000	15
		_f_maq_n_primo_c		CODE           	7EAA	0000	343
		_f_maq_n_primo_d		CODE           	7C0E	0000	333
		_setup         		CODE           	7908	0000	69
		_LAT           		CODE           	78A4	0000	47

aula1211.c estimated size: 1928

shared
		__initialization		CODE           	78D2	0000	45

shared estimated size: 45

